<!DOCTYPE html>
<html lang="en">
<head>
    <title>About</title>
    <link rel="stylesheet" href="../static/style.css">
</head>
<body>
<a href="..">Home</a>
<a href="../">Home</a>
<a href="../index.html">Home</a>
<a href="../index.html#title">Home</a>

<a href=".">About</a>
<a href="./">About</a>
<a href="../about">About</a>
<a href="../about/index.html">About</a>

<script src="../static/script.js"></script>
</body>
</html>
