<!DOCTYPE html>
<html lang="en">
<head>
    <title>Home</title>
    <link rel="stylesheet" href="static/style.css">
</head>
<body>
<a href="#">Home</a>
<a href=".">Home</a>
<a href="./">Home</a>
<a href="./index.html">Home</a>

<!-- https://github.com/emmercm/metalsmith-link-checker/issues/50 -->
<a name="TableOfContents"><h1>Table of Contents</h1></a>
<p>Lots of content</p>
<a href="#TableOfContents">Back to the Table of Contents</a>

<h1 id="title">Title</h1>
<a href="#title">Link to title</a>
<img src="static/logo.png">
<img src="static/header.jpg">

<script src="static/script.js"></script>
</body>
</html>
