<!DOCTYPE html>
<html lang="en">
<head>
    <title>Home</title>
    <link rel="stylesheet" href="static/style.css">
</head>
<body>
<h1 id="title">Title</h1>
<a href="#title">Link to title</a>

<script src="static/script.js"></script>
</body>
</html>
