<!DOCTYPE html>
<html lang="en">
<head>
    <title>Home</title>
    <link rel="stylesheet" href="static/style.css">
</head>
<body>
<a href="https://github.com/emmercm">GitHub</a>
<a href="https://twitter.com/emmercm">Twitter</a>
<a href="https://www.linkedin.com/in/emmercm/">LinkedIn</a>

<!-- https://digitalfortress.tech/tricks/creating-direct-click-to-call-sms-links/ -->
<a href="mailto:example@email.com">Email Me!</a>
<a href="mailto:example@email.com?cc=example@email.com">Email Me!</a>
<a href="mailto:example@email.com?bcc=example@email.com">Email Me!</a>
<a href="mailto:example@email.com?subject=Email%20Subject">Email Me!</a>
<a href="mailto:example@email.com?body=Email%20Body">Email Me!</a>
<a href="mailto:example@email.com?bcc=example@email.com&body=Email%20Body">Email Me!</a>
<a href="tel:+1-303-499-7111">Call Me!</a>
<a href="tel:+1-303-499-7111,55">Call Me!</a>
<a href="tel:+1-303-499-7111;postd=p123#">Call Me!</a>
<a href="sms:+1-303-499-7111">Sms Me!</a>
<a href="sms:+1-303-499-7111?body=Interested%20in%20your%20product">Sms Me!</a>

<h1 id="title">Title</h1>
<a href="#title">Link to title</a>

<script src="static/script.js"></script>
</body>
</html>
